// Jest Snapshot v1, https://goo.gl/fbAQLP

exports[`cli can be verbose 1`] = `
"@font-face {
  font-display: auto;
  font-family: \\"webfont\\";
  font-style: normal;
  font-weight: 400;
  src: url(\\"./webfont.eot?test\\");
  src: url(\\"./webfont.eot?#iefix\\") format(\\"embedded-opentype\\"), url(\\"./webfont.woff2?test\\") format(\\"woff2\\"), url(\\"./webfont.woff?test\\") format(\\"woff\\"), url(\\"./webfont.ttf?test\\") format(\\"truetype\\"), url(\\"./webfont.svg?test#webfont\\") format(\\"svg\\");
}

.webfont {
  display: inline-block;
  font-family: \\"webfont\\";
  font-weight: 400;
  font-style: normal;
  font-variant: normal;
  text-rendering: auto;
  line-height: 1;
  -moz-osx-font-smoothing: grayscale;
  -webkit-font-smoothing: antialiased;
}

.webfont-lg {
  font-size: 1.33333em;
  line-height: 0.75em;
  vertical-align: -0.0667em;
}

.webfont-xs {
  font-size: 0.75em;
}

.webfont-sm {
  font-size: 0.875em;
}

.webfont-1x {
  font-size: 1em;
}

.webfont-2x {
  font-size: 2em;
}

.webfont-3x {
  font-size: 3em;
}

.webfont-4x {
  font-size: 4em;
}

.webfont-5x {
  font-size: 5em;
}

.webfont-6x {
  font-size: 6em;
}

.webfont-7x {
  font-size: 7em;
}

.webfont-8x {
  font-size: 8em;
}

.webfont-9x {
  font-size: 9em;
}

.webfont-10x {
  font-size: 10em;
}

.webfont-fw {
  text-align: center;
  width: 1.25em;
}

.webfont-border {
  border: solid 0.08em #eee;
  border-radius: 0.1em;
  padding: 0.2em 0.25em 0.15em;
}

.webfont-pull-left {
  float: left;
}

.webfont-pull-right {
  float: right;
}

.webfont.webfont-pull-left {
  margin-right: 0.3em;
}

.webfont.webfont-pull-right {
  margin-left: 0.3em;
}


.webfont-avatar::before {
  content: \\"\\\\ea01\\";
}

.webfont-envelope::before {
  content: \\"\\\\ea02\\";
}

.webfont-phone-call::before {
  content: \\"\\\\ea03\\";
}

"
`;

exports[`cli should generate all fonts with build-in template 1`] = `
"@font-face {
  font-display: auto;
  font-family: \\"webfont\\";
  font-style: normal;
  font-weight: 400;
  src: url(\\"./webfont.eot?test\\");
  src: url(\\"./webfont.eot?#iefix\\") format(\\"embedded-opentype\\"), url(\\"./webfont.woff2?test\\") format(\\"woff2\\"), url(\\"./webfont.woff?test\\") format(\\"woff\\"), url(\\"./webfont.ttf?test\\") format(\\"truetype\\"), url(\\"./webfont.svg?test#webfont\\") format(\\"svg\\");
}

.webfont {
  display: inline-block;
  font-family: \\"webfont\\";
  font-weight: 400;
  font-style: normal;
  font-variant: normal;
  text-rendering: auto;
  line-height: 1;
  -moz-osx-font-smoothing: grayscale;
  -webkit-font-smoothing: antialiased;
}

.webfont-lg {
  font-size: 1.33333em;
  line-height: 0.75em;
  vertical-align: -0.0667em;
}

.webfont-xs {
  font-size: 0.75em;
}

.webfont-sm {
  font-size: 0.875em;
}

.webfont-1x {
  font-size: 1em;
}

.webfont-2x {
  font-size: 2em;
}

.webfont-3x {
  font-size: 3em;
}

.webfont-4x {
  font-size: 4em;
}

.webfont-5x {
  font-size: 5em;
}

.webfont-6x {
  font-size: 6em;
}

.webfont-7x {
  font-size: 7em;
}

.webfont-8x {
  font-size: 8em;
}

.webfont-9x {
  font-size: 9em;
}

.webfont-10x {
  font-size: 10em;
}

.webfont-fw {
  text-align: center;
  width: 1.25em;
}

.webfont-border {
  border: solid 0.08em #eee;
  border-radius: 0.1em;
  padding: 0.2em 0.25em 0.15em;
}

.webfont-pull-left {
  float: left;
}

.webfont-pull-right {
  float: right;
}

.webfont.webfont-pull-left {
  margin-right: 0.3em;
}

.webfont.webfont-pull-right {
  margin-left: 0.3em;
}


.webfont-avatar::before {
  content: \\"\\\\ea01\\";
}

.webfont-envelope::before {
  content: \\"\\\\ea02\\";
}

.webfont-phone-call::before {
  content: \\"\\\\ea03\\";
}

"
`;

exports[`cli should respect \`font\` options 1`] = `
"<?xml version=\\"1.0\\" standalone=\\"no\\"?>
<!DOCTYPE svg PUBLIC \\"-//W3C//DTD SVG 1.1//EN\\" \\"http://www.w3.org/Graphics/SVG/1.1/DTD/svg11.dtd\\" >
<svg xmlns=\\"http://www.w3.org/2000/svg\\">
<defs>
  <font id=\\"testId\\" horiz-adv-x=\\"15\\">
    <font-face font-family=\\"webfont\\"
      units-per-em=\\"15\\" ascent=\\"15\\"
      descent=\\"0\\"
      font-weight=\\"500\\"
      font-style=\\"italic\\" />
    <missing-glyph horiz-adv-x=\\"0\\" />
    <glyph glyph-name=\\"avatar\\"
      unicode=\\"&#xEA01;\\"
      horiz-adv-x=\\"14.987585350713841\\" d=\\"M7.43947858473 6.9118559900683C7.4549968963377 6.9118559900683 7.4705152079454 6.9118559900683 7.4891371818746 6.9118559900683C7.4953445065177 6.9118559900683 7.5015518311608 6.9118559900683 7.5077591558038 6.9118559900683C7.5170701427685 6.9118559900683 7.5294847920546 6.9118559900683 7.5387957790192 6.9118559900683C8.4481688392303 6.927374301676 9.1837368094351 7.2470515207945 9.7268777157045 7.8584729981378C10.9217877094972 9.2054624456859 10.7231533209187 11.5145872129112 10.7014276846679 11.7349472377405C10.6238361266294 13.389199255121 9.8417132216015 14.1806331471136 9.1961514587213 14.5499689633768C8.7150837988827 14.8261949099938 8.153320918684 14.9751707014277 7.5263811297331 14.9875853507138H7.5046554934823C7.5015518311608 14.9875853507138 7.4953445065177 14.9875853507138 7.4922408441962 14.9875853507138H7.4736188702669C7.129112352576 14.9875853507138 6.4525139664804 14.9317194289261 5.8038485412787 14.5623836126629C5.1520794537554 14.1930477963998 4.3575418994413 13.4016139044072 4.2799503414029 11.7349472377405C4.2582247051521 11.5145872129112 4.0595903165736 9.2054624456859 5.2545003103662 7.8584729981378C5.7945375543141 7.2470515207945 6.5301055245189 6.927374301676 7.43947858473 6.9118559900683zM5.1086281812539 11.657355679702C5.1086281812539 11.6666666666667 5.1117318435754 11.6759776536313 5.1117318435754 11.6821849782744C5.2141527001862 13.9075108628181 6.7939168218498 14.1464928615767 7.4705152079454 14.1464928615767H7.4829298572315C7.4891371818746 14.1464928615767 7.4984481688392 14.1464928615767 7.5077591558038 14.1464928615767C8.3457479826195 14.1278708876474 9.7703289882061 13.7864680322781 9.8665425201738 11.6821849782744C9.8665425201738 11.6728739913097 9.8665425201738 11.6635630043451 9.8696461824953 11.657355679702C9.8727498448169 11.6356300434513 10.0900062073246 9.5251396648045 9.1030415890751 8.4140285536934C8.7119801365611 7.9733085040348 8.1905648665425 7.756052141527 7.5046554934823 7.7498448168839C7.4984481688392 7.7498448168839 7.4953445065177 7.7498448168839 7.4891371818746 7.7498448168839L7.4891371818746 7.7498448168839C7.4829298572315 7.7498448168839 7.47982619491 7.7498448168839 7.4736188702669 7.7498448168839C6.7908131595282 7.756052141527 6.2662942271881 7.9733085040348 5.8783364369957 8.4140285536934C4.8944754810677 9.5189323401614 5.1055245189323 11.6387337057728 5.1086281812539 11.657355679702zM13.8671632526381 3.0819366852886C13.8671632526381 3.0850403476102 13.8671632526381 3.0881440099317 13.8671632526381 3.0912476722533C13.8671632526381 3.1160769708256 13.8640595903166 3.1409062693979 13.8640595903166 3.1688392302917C13.8454376163873 3.7833643699565 13.8050900062073 5.2203600248293 12.4581005586592 5.6797020484171C12.4487895716946 5.6828057107387 12.4363749224084 5.6859093730602 12.4270639354438 5.6890130353818C11.0273122284295 6.0459342023588 9.8634388578523 6.852886405959 9.8510242085661 6.8621973929237C9.6617008069522 6.9956548727498 9.4009931719429 6.9490999379268 9.2675356921167 6.7597765363128C9.1340782122905 6.5704531346989 9.1806331471136 6.3097454996896 9.3699565487275 6.1762880198634C9.4227188081937 6.139044072005 10.6579764121664 5.2793296089385 12.203600248293 4.8820608317815C12.9267535692117 4.6244568590937 13.0074487895717 3.8516449410304 13.0291744258225 3.1440099317194C13.0291744258225 3.1160769708256 13.0291744258225 3.0912476722533 13.032278088144 3.0664183736809C13.0353817504656 2.7870887647424 13.0167597765363 2.3556797020484 12.9671011793917 2.1073867163253C12.4643078833023 1.8218497827436 10.4934823091248 0.8348851644941 7.4953445065177 0.8348851644941C4.5096213531968 0.8348851644941 2.5263811297331 1.8249534450652 2.0204841713222 2.1104903786468C1.9708255741775 2.35878336437 1.9490999379268 2.7901924270639 1.9553072625698 3.0695220360025C1.9553072625698 3.0943513345748 1.9584109248914 3.1191806331471 1.9584109248914 3.147113594041C1.9801365611421 3.854748603352 2.0608317815022 4.6275605214153 2.7839851024209 4.885164494103C4.3296089385475 5.2824332712601 5.5648665425202 6.145251396648 5.6176288019863 6.179391682185C5.8069522036002 6.3128491620112 5.8535071384233 6.5735567970205 5.7200496585971 6.7628801986344C5.5865921787709 6.9522036002483 5.3258845437616 6.9987585350714 5.1365611421477 6.8653010552452C5.1241464928616 6.8559900682806 3.9664804469274 6.0490378646803 2.56052141527 5.6921166977033C2.5481067659839 5.6890130353818 2.5387957790192 5.6859093730602 2.5294847920546 5.6828057107387C1.1824953445065 5.2203600248293 1.1421477343265 3.7833643699565 1.1235257603973 3.1719428926133C1.1235257603973 3.1440099317194 1.1235257603973 3.1191806331471 1.1204220980757 3.0943513345748C1.1204220980757 3.0912476722533 1.1204220980757 3.0881440099317 1.1204220980757 3.0850403476102C1.1173184357542 2.9236499068901 1.1142147734327 2.0949720670391 1.2787088764742 1.6790813159528C1.3097454996896 1.5983860955928 1.3656114214773 1.5301055245189 1.4400993171943 1.4835505896958C1.5332091868405 1.4214773432651 3.7647423960273 0 7.4984481688392 0S13.463687150838 1.4245810055866 13.5567970204842 1.4835505896958C13.6281812538796 1.5301055245189 13.6871508379888 1.5983860955928 13.7181874612042 1.6790813159528C13.8733705772812 2.0918684047176 13.8702669149597 2.9205462445686 13.8671632526381 3.0819366852886z\\" />
    <glyph glyph-name=\\"avatar-1\\"
      unicode=\\"&#x61;&#x76;&#x61;&#x74;&#x61;&#x72;\\"
      horiz-adv-x=\\"14.987585350713841\\" d=\\"M7.43947858473 6.9118559900683C7.4549968963377 6.9118559900683 7.4705152079454 6.9118559900683 7.4891371818746 6.9118559900683C7.4953445065177 6.9118559900683 7.5015518311608 6.9118559900683 7.5077591558038 6.9118559900683C7.5170701427685 6.9118559900683 7.5294847920546 6.9118559900683 7.5387957790192 6.9118559900683C8.4481688392303 6.927374301676 9.1837368094351 7.2470515207945 9.7268777157045 7.8584729981378C10.9217877094972 9.2054624456859 10.7231533209187 11.5145872129112 10.7014276846679 11.7349472377405C10.6238361266294 13.389199255121 9.8417132216015 14.1806331471136 9.1961514587213 14.5499689633768C8.7150837988827 14.8261949099938 8.153320918684 14.9751707014277 7.5263811297331 14.9875853507138H7.5046554934823C7.5015518311608 14.9875853507138 7.4953445065177 14.9875853507138 7.4922408441962 14.9875853507138H7.4736188702669C7.129112352576 14.9875853507138 6.4525139664804 14.9317194289261 5.8038485412787 14.5623836126629C5.1520794537554 14.1930477963998 4.3575418994413 13.4016139044072 4.2799503414029 11.7349472377405C4.2582247051521 11.5145872129112 4.0595903165736 9.2054624456859 5.2545003103662 7.8584729981378C5.7945375543141 7.2470515207945 6.5301055245189 6.927374301676 7.43947858473 6.9118559900683zM5.1086281812539 11.657355679702C5.1086281812539 11.6666666666667 5.1117318435754 11.6759776536313 5.1117318435754 11.6821849782744C5.2141527001862 13.9075108628181 6.7939168218498 14.1464928615767 7.4705152079454 14.1464928615767H7.4829298572315C7.4891371818746 14.1464928615767 7.4984481688392 14.1464928615767 7.5077591558038 14.1464928615767C8.3457479826195 14.1278708876474 9.7703289882061 13.7864680322781 9.8665425201738 11.6821849782744C9.8665425201738 11.6728739913097 9.8665425201738 11.6635630043451 9.8696461824953 11.657355679702C9.8727498448169 11.6356300434513 10.0900062073246 9.5251396648045 9.1030415890751 8.4140285536934C8.7119801365611 7.9733085040348 8.1905648665425 7.756052141527 7.5046554934823 7.7498448168839C7.4984481688392 7.7498448168839 7.4953445065177 7.7498448168839 7.4891371818746 7.7498448168839L7.4891371818746 7.7498448168839C7.4829298572315 7.7498448168839 7.47982619491 7.7498448168839 7.4736188702669 7.7498448168839C6.7908131595282 7.756052141527 6.2662942271881 7.9733085040348 5.8783364369957 8.4140285536934C4.8944754810677 9.5189323401614 5.1055245189323 11.6387337057728 5.1086281812539 11.657355679702zM13.8671632526381 3.0819366852886C13.8671632526381 3.0850403476102 13.8671632526381 3.0881440099317 13.8671632526381 3.0912476722533C13.8671632526381 3.1160769708256 13.8640595903166 3.1409062693979 13.8640595903166 3.1688392302917C13.8454376163873 3.7833643699565 13.8050900062073 5.2203600248293 12.4581005586592 5.6797020484171C12.4487895716946 5.6828057107387 12.4363749224084 5.6859093730602 12.4270639354438 5.6890130353818C11.0273122284295 6.0459342023588 9.8634388578523 6.852886405959 9.8510242085661 6.8621973929237C9.6617008069522 6.9956548727498 9.4009931719429 6.9490999379268 9.2675356921167 6.7597765363128C9.1340782122905 6.5704531346989 9.1806331471136 6.3097454996896 9.3699565487275 6.1762880198634C9.4227188081937 6.139044072005 10.6579764121664 5.2793296089385 12.203600248293 4.8820608317815C12.9267535692117 4.6244568590937 13.0074487895717 3.8516449410304 13.0291744258225 3.1440099317194C13.0291744258225 3.1160769708256 13.0291744258225 3.0912476722533 13.032278088144 3.0664183736809C13.0353817504656 2.7870887647424 13.0167597765363 2.3556797020484 12.9671011793917 2.1073867163253C12.4643078833023 1.8218497827436 10.4934823091248 0.8348851644941 7.4953445065177 0.8348851644941C4.5096213531968 0.8348851644941 2.5263811297331 1.8249534450652 2.0204841713222 2.1104903786468C1.9708255741775 2.35878336437 1.9490999379268 2.7901924270639 1.9553072625698 3.0695220360025C1.9553072625698 3.0943513345748 1.9584109248914 3.1191806331471 1.9584109248914 3.147113594041C1.9801365611421 3.854748603352 2.0608317815022 4.6275605214153 2.7839851024209 4.885164494103C4.3296089385475 5.2824332712601 5.5648665425202 6.145251396648 5.6176288019863 6.179391682185C5.8069522036002 6.3128491620112 5.8535071384233 6.5735567970205 5.7200496585971 6.7628801986344C5.5865921787709 6.9522036002483 5.3258845437616 6.9987585350714 5.1365611421477 6.8653010552452C5.1241464928616 6.8559900682806 3.9664804469274 6.0490378646803 2.56052141527 5.6921166977033C2.5481067659839 5.6890130353818 2.5387957790192 5.6859093730602 2.5294847920546 5.6828057107387C1.1824953445065 5.2203600248293 1.1421477343265 3.7833643699565 1.1235257603973 3.1719428926133C1.1235257603973 3.1440099317194 1.1235257603973 3.1191806331471 1.1204220980757 3.0943513345748C1.1204220980757 3.0912476722533 1.1204220980757 3.0881440099317 1.1204220980757 3.0850403476102C1.1173184357542 2.9236499068901 1.1142147734327 2.0949720670391 1.2787088764742 1.6790813159528C1.3097454996896 1.5983860955928 1.3656114214773 1.5301055245189 1.4400993171943 1.4835505896958C1.5332091868405 1.4214773432651 3.7647423960273 0 7.4984481688392 0S13.463687150838 1.4245810055866 13.5567970204842 1.4835505896958C13.6281812538796 1.5301055245189 13.6871508379888 1.5983860955928 13.7181874612042 1.6790813159528C13.8733705772812 2.0918684047176 13.8702669149597 2.9205462445686 13.8671632526381 3.0819366852886z\\" />
    <glyph glyph-name=\\"envelope\\"
      unicode=\\"&#xEA02;\\"
      horiz-adv-x=\\"15\\" d=\\"M13.1688392302917 13.207635009311H1.8342644320298C0.8224705152079 13.207635009311 0 12.385164494103 0 11.3733705772812V3.6266294227188C0 2.614835505897 0.8224705152079 1.792364990689 1.8342644320298 1.792364990689H13.1657355679702C14.1775294847921 1.792364990689 15 2.614835505897 15 3.6266294227188V11.3702669149597C15.0031036623215 12.3820608317815 14.1806331471136 13.207635009311 13.1688392302917 13.207635009311zM14.1651148355059 3.6266294227188C14.1651148355059 3.0772811918063 13.7181874612042 2.6303538175047 13.1688392302917 2.6303538175047H1.8342644320298C1.2849162011173 2.6303538175047 0.8379888268156 3.0772811918063 0.8379888268156 3.6266294227188V11.3702669149597C0.8379888268156 11.9196151458721 1.2849162011173 12.3665425201738 1.8342644320298 12.3665425201738H13.1657355679702C13.7150837988827 12.3665425201738 14.1620111731844 11.9196151458721 14.1620111731844 11.3702669149597V3.6266294227188H14.1651148355059zM9.4599627560521 7.5962135319677L13.1284916201117 10.8860955927995C13.2991930477964 11.0412787088765 13.3147113594041 11.3050900062073 13.1595282433271 11.4788950962135C13.0043451272502 11.6495965238982 12.7405338299193 11.6651148355059 12.5667287399131 11.5099317194289L7.5077591558038 6.9692737430168L6.5207945375543 7.850713842334C6.5176908752328 7.8538175046555 6.5145872129112 7.856921166977 6.5145872129112 7.8600248292986C6.4928615766605 7.8817504655493 6.4711359404097 7.9003724394786 6.4463066418374 7.9189944134078L2.4301675977654 11.5130353817505C2.2563625077592 11.6682184978274 1.9925512104283 11.6527001862197 1.8373680943513 11.4788950962135C1.6821849782744 11.3050900062073 1.6977032898821 11.0412787088765 1.8715083798883 10.8860955927995L5.5834885164494 7.5682805710739L1.887026691496 4.1076970825574C1.7194289261328 3.9494103041589 1.7101179391682 3.6855990068281 1.8684047175667 3.5148975791434C1.9522036002483 3.4279950341403 2.0639354438237 3.3814400993172 2.1756672873991 3.3814400993172C2.2780881440099 3.3814400993172 2.3805090006207 3.4186840471757 2.4612042209808 3.4931719428926L6.2135319677219 7.0034140285537L7.2315332091868 6.0940409683426C7.3122284295469 6.0226567349472 7.4115456238361 5.9885164494103 7.5108628181254 5.9885164494103C7.6101800124146 5.9885164494103 7.7126008690255 6.0257603972688 7.7901924270639 6.0971446306642L8.8361266294227 7.0344506517691L12.5667287399131 3.4900682805711C12.6474239602731 3.4124767225326 12.7529484792055 3.3752327746741 12.8553693358163 3.3752327746741C12.9671011793917 3.3752327746741 13.0757293606456 3.4186840471757 13.1595282433271 3.5055865921788C13.3178150217256 3.6731843575419 13.3116076970826 3.9400993171943 13.1440099317194 4.0983860955928L9.4599627560521 7.5962135319677z\\" />
    <glyph glyph-name=\\"envelope-1\\"
      unicode=\\"&#x65;&#x6E;&#x76;&#x65;&#x6C;&#x6F;&#x70;&#x65;\\"
      horiz-adv-x=\\"15\\" d=\\"M13.1688392302917 13.207635009311H1.8342644320298C0.8224705152079 13.207635009311 0 12.385164494103 0 11.3733705772812V3.6266294227188C0 2.614835505897 0.8224705152079 1.792364990689 1.8342644320298 1.792364990689H13.1657355679702C14.1775294847921 1.792364990689 15 2.614835505897 15 3.6266294227188V11.3702669149597C15.0031036623215 12.3820608317815 14.1806331471136 13.207635009311 13.1688392302917 13.207635009311zM14.1651148355059 3.6266294227188C14.1651148355059 3.0772811918063 13.7181874612042 2.6303538175047 13.1688392302917 2.6303538175047H1.8342644320298C1.2849162011173 2.6303538175047 0.8379888268156 3.0772811918063 0.8379888268156 3.6266294227188V11.3702669149597C0.8379888268156 11.9196151458721 1.2849162011173 12.3665425201738 1.8342644320298 12.3665425201738H13.1657355679702C13.7150837988827 12.3665425201738 14.1620111731844 11.9196151458721 14.1620111731844 11.3702669149597V3.6266294227188H14.1651148355059zM9.4599627560521 7.5962135319677L13.1284916201117 10.8860955927995C13.2991930477964 11.0412787088765 13.3147113594041 11.3050900062073 13.1595282433271 11.4788950962135C13.0043451272502 11.6495965238982 12.7405338299193 11.6651148355059 12.5667287399131 11.5099317194289L7.5077591558038 6.9692737430168L6.5207945375543 7.850713842334C6.5176908752328 7.8538175046555 6.5145872129112 7.856921166977 6.5145872129112 7.8600248292986C6.4928615766605 7.8817504655493 6.4711359404097 7.9003724394786 6.4463066418374 7.9189944134078L2.4301675977654 11.5130353817505C2.2563625077592 11.6682184978274 1.9925512104283 11.6527001862197 1.8373680943513 11.4788950962135C1.6821849782744 11.3050900062073 1.6977032898821 11.0412787088765 1.8715083798883 10.8860955927995L5.5834885164494 7.5682805710739L1.887026691496 4.1076970825574C1.7194289261328 3.9494103041589 1.7101179391682 3.6855990068281 1.8684047175667 3.5148975791434C1.9522036002483 3.4279950341403 2.0639354438237 3.3814400993172 2.1756672873991 3.3814400993172C2.2780881440099 3.3814400993172 2.3805090006207 3.4186840471757 2.4612042209808 3.4931719428926L6.2135319677219 7.0034140285537L7.2315332091868 6.0940409683426C7.3122284295469 6.0226567349472 7.4115456238361 5.9885164494103 7.5108628181254 5.9885164494103C7.6101800124146 5.9885164494103 7.7126008690255 6.0257603972688 7.7901924270639 6.0971446306642L8.8361266294227 7.0344506517691L12.5667287399131 3.4900682805711C12.6474239602731 3.4124767225326 12.7529484792055 3.3752327746741 12.8553693358163 3.3752327746741C12.9671011793917 3.3752327746741 13.0757293606456 3.4186840471757 13.1595282433271 3.5055865921788C13.3178150217256 3.6731843575419 13.3116076970826 3.9400993171943 13.1440099317194 4.0983860955928L9.4599627560521 7.5962135319677z\\" />
    <glyph glyph-name=\\"phone-call\\"
      unicode=\\"&#xEA03;\\"
      horiz-adv-x=\\"14.705338299193047\\" d=\\"M11.6218497827436 5.5959031657356C11.3207945375543 5.909373060211 10.9576660459342 6.0769708255742 10.5728119180633 6.0769708255742C10.191061452514 6.0769708255742 9.8248292985723 5.9124767225326 9.5113594040968 5.5990068280571L8.5306021104904 4.6213531967722C8.4499068901304 4.6648044692737 8.3692116697703 4.7051520794538 8.2916201117318 4.7454996896338C8.1798882681564 4.8013656114215 8.0743637492241 4.8541278708876 7.9843575418994 4.9099937926754C7.0656734947238 5.4934823091248 6.2307883302297 6.2538795779019 5.4300434512725 7.2377405338299C5.0420856610801 7.7281191806331 4.7813780260708 8.1409062693979 4.5920546244569 8.5599006828057C4.8465549348231 8.7926753569212 5.0824332712601 9.0347610180012 5.312104283054 9.2675356921167C5.3990068280571 9.3544382371198 5.4859093730602 9.4444444444444 5.5728119180633 9.5313469894475C6.2245810055866 10.1831160769708 6.2245810055866 11.0273122284295 5.5728119180633 11.6790813159528L4.7255121042831 12.5263811297331C4.6292985723153 12.6225946617008 4.5299813780261 12.7219118559901 4.4368715083799 12.8212290502793C4.2506517690875 13.0136561142148 4.0551210428305 13.2122905027933 3.8533829919305 13.3985102420857C3.5523277467412 13.6964618249534 3.1923029174426 13.854748603352 2.8136561142148 13.854748603352S2.0687771570453 13.6964618249534 1.7584109248914 13.3985102420857C1.7553072625698 13.3954065797641 1.7553072625698 13.3954065797641 1.7522036002483 13.3923029174426L0.6969584109249 12.3277467411546C0.2996896337678 11.9304779639975 0.0731222842955 11.4463066418374 0.0234636871508 10.8845437616387C-0.0510242085661 9.9782743637492 0.2158907510863 9.1340782122905 0.4207324643079 8.5816263190565C0.9235257603973 7.2253258845438 1.6746120422098 5.9683426443203 2.7950341402855 4.6213531967722C4.1544382371198 2.9981378026071 5.7900682805711 1.7163252638113 7.6584729981378 0.8131595282433C8.3723153320919 0.4748603351955 9.3251396648045 0.0744878957169 10.3896958410925 0.0062073246431C10.4548727498448 0.0031036623215 10.5231533209187 0 10.5852265673495 0C11.3021725636251 0 11.9042830540037 0.2576039726878 12.3760397268777 0.7697082557418C12.3791433891993 0.7759155803849 12.3853507138423 0.7790192427064 12.3884543761639 0.7852265673495C12.5498448168839 0.9807572936065 12.7360645561763 1.1576660459342 12.9315952824333 1.3469894475481C13.0650527622595 1.4742396027312 13.2016139044072 1.6076970825574 13.3350713842334 1.7473618870267C13.6423339540658 2.0670391061453 13.8037243947858 2.43947858473 13.8037243947858 2.8212290502793C13.8037243947858 3.2060831781502 13.6392302917443 3.5754189944134 13.3257603972688 3.8857852265674L11.6218497827436 5.5959031657356zM12.7329608938547 2.3277467411546C12.7298572315332 2.3277467411546 12.7298572315332 2.324643078833 12.7329608938547 2.3277467411546C12.6119180633147 2.1973929236499 12.4877715704531 2.0794537554314 12.3543140906269 1.9490999379268C12.1525760397269 1.7566728739913 11.9477343265053 1.5549348230912 11.7553072625698 1.3283674736189C11.4418373680944 0.9931719428926 11.0725015518312 0.8348851644941 10.588330229671 0.8348851644941C10.5417752948479 0.8348851644941 10.4921166977033 0.8348851644941 10.4455617628802 0.8379888268156C9.523774053383 0.8969584109249 8.6671632526381 1.2569832402235 8.0247051520795 1.5642458100559C6.2680322780881 2.4146492861577 4.7255121042831 3.6219739292365 3.4436995654873 5.1520794537554C2.3853507138423 6.4276846679081 1.6777157045313 7.6070763500931 1.2090626939789 8.8733705772812C0.9204220980757 9.6461824953445 0.8148975791434 10.2482929857232 0.8614525139665 10.8162631905649C0.8924891371819 11.179391682185 1.0321539416511 11.4804469273743 1.2897579143389 11.7380509000621L2.3481067659839 12.796399751707C2.5001862197393 12.9391682184978 2.6615766604593 13.0167597765363 2.8198634388579 13.0167597765363C3.0153941651148 13.0167597765363 3.1736809435133 12.8988206083178 3.2729981378026 12.7995034140286C3.2761018001241 12.796399751707 3.2792054624457 12.7932960893855 3.2823091247672 12.7901924270639C3.4716325263811 12.6132836747362 3.6516449410304 12.4301675977654 3.8409683426443 12.2346368715084C3.937181874612 12.1353196772191 4.0364990689013 12.0360024829299 4.1358162631906 11.9335816263191L4.9831160769708 11.0862818125388C5.312104283054 10.7572936064556 5.312104283054 10.4531346989448 4.9831160769708 10.1241464928616C4.8931098696462 10.0341402855369 4.8062073246431 9.9441340782123 4.7162011173184 9.8572315332092C4.4554934823091 9.5903165735568 4.207200496586 9.3420235878336 3.937181874612 9.0999379267536C3.930974549969 9.0937306021105 3.9247672253259 9.090626939789 3.9216635630043 9.0844196151459C3.654748603352 8.8175046554935 3.7044072004966 8.5567970204842 3.7602731222843 8.3798882681564C3.7633767846058 8.3705772811918 3.7664804469274 8.3612662942272 3.7695841092489 8.3519553072626C3.9899441340782 7.8181253879578 4.3003103662322 7.3153320918684 4.7720670391061 6.7163252638113L4.7751707014277 6.7132216014898C5.6317815021726 5.6579764121664 6.5349472377405 4.8355058969584 7.5312228429547 4.2054624456859C7.6584729981378 4.1247672253259 7.7888268156425 4.0595903165736 7.912973308504 3.9975170701428C8.0247051520795 3.9416511483551 8.1302296710118 3.8888888888889 8.2202358783364 3.8330229671012C8.2326505276226 3.8268156424581 8.2450651769088 3.8175046554935 8.2574798261949 3.8112973308504C8.3630043451272 3.7585350713842 8.4623215394165 3.7337057728119 8.5647423960273 3.7337057728119C8.8223463687151 3.7337057728119 8.9837368094351 3.895096213532 9.0364990689013 3.9478584729981L10.0979515828678 5.0093109869646C10.2034761018001 5.114835505897 10.3710738671632 5.2420856610801 10.5666045934202 5.2420856610801C10.7590316573557 5.2420856610801 10.9173184357542 5.12104283054 11.0135319677219 5.0155183116077C11.0166356300434 5.0124146492862 11.0166356300434 5.0124146492862 11.019739292365 5.0093109869646L12.7298572315332 3.2991930477964C13.0495344506518 2.9826194909994 13.0495344506518 2.6567349472377 12.7329608938547 2.3277467411546zM7.947113594041 11.2073246430788C8.7602731222843 11.0707635009311 9.4989447548107 10.6859093730602 10.0886405959032 10.0962135319677S11.060086902545 8.7678460583489 11.1997517070143 7.9546865301055C11.2338919925512 7.7498448168839 11.410800744879 7.6070763500931 11.612538795779 7.6070763500931C11.6373680943513 7.6070763500931 11.6590937306021 7.6101800124146 11.6839230291744 7.6132836747362C11.9135940409683 7.6505276225947 12.0656734947238 7.8677839851024 12.0284295468653 8.0974549968963C11.8608317815022 9.0813159528243 11.3952824332713 9.9782743637492 10.6845437616387 10.6890130353817S9.0768466790813 11.8653010552452 8.0929857231533 12.0328988206083C7.8633147113594 12.0701427684668 7.6491620111732 11.9180633147114 7.6088144009932 11.691495965239S7.7174425822471 11.2445685909373 7.947113594041 11.2073246430788zM14.6882681564246 8.2184978274364C14.4120422098076 9.83860955928 13.6485412787089 11.3128491620112 12.475356921167 12.4860335195531S9.8279329608939 14.4227188081937 8.2078212290503 14.6989447548107C7.9812538795779 14.7392923649907 7.7671011793917 14.5841092489137 7.7267535692117 14.3575418994413C7.6895096213532 14.1278708876474 7.8415890751086 13.9137181874612 8.0712600869025 13.8733705772812C9.5175667287399 13.6281812538796 10.8366232153942 12.9422718808194 11.8856610800745 11.8963376784606C12.9346989447548 10.8472998137803 13.6175046554935 9.528243327126 13.8626939788951 8.0819366852886C13.896834264432 7.877094972067 14.0737430167598 7.7343265052762 14.2754810676598 7.7343265052762C14.3003103662322 7.7343265052762 14.3220360024829 7.7374301675978 14.3468653010552 7.7405338299193C14.5734326505276 7.7746741154562 14.7286157666046 7.991930477964 14.6882681564246 8.2184978274364z\\" />
    <glyph glyph-name=\\"phone-call-1\\"
      unicode=\\"&#x70;&#x68;&#x6F;&#x6E;&#x65;&#x5F;&#x63;&#x61;&#x6C;&#x6C;\\"
      horiz-adv-x=\\"14.705338299193047\\" d=\\"M11.6218497827436 5.5959031657356C11.3207945375543 5.909373060211 10.9576660459342 6.0769708255742 10.5728119180633 6.0769708255742C10.191061452514 6.0769708255742 9.8248292985723 5.9124767225326 9.5113594040968 5.5990068280571L8.5306021104904 4.6213531967722C8.4499068901304 4.6648044692737 8.3692116697703 4.7051520794538 8.2916201117318 4.7454996896338C8.1798882681564 4.8013656114215 8.0743637492241 4.8541278708876 7.9843575418994 4.9099937926754C7.0656734947238 5.4934823091248 6.2307883302297 6.2538795779019 5.4300434512725 7.2377405338299C5.0420856610801 7.7281191806331 4.7813780260708 8.1409062693979 4.5920546244569 8.5599006828057C4.8465549348231 8.7926753569212 5.0824332712601 9.0347610180012 5.312104283054 9.2675356921167C5.3990068280571 9.3544382371198 5.4859093730602 9.4444444444444 5.5728119180633 9.5313469894475C6.2245810055866 10.1831160769708 6.2245810055866 11.0273122284295 5.5728119180633 11.6790813159528L4.7255121042831 12.5263811297331C4.6292985723153 12.6225946617008 4.5299813780261 12.7219118559901 4.4368715083799 12.8212290502793C4.2506517690875 13.0136561142148 4.0551210428305 13.2122905027933 3.8533829919305 13.3985102420857C3.5523277467412 13.6964618249534 3.1923029174426 13.854748603352 2.8136561142148 13.854748603352S2.0687771570453 13.6964618249534 1.7584109248914 13.3985102420857C1.7553072625698 13.3954065797641 1.7553072625698 13.3954065797641 1.7522036002483 13.3923029174426L0.6969584109249 12.3277467411546C0.2996896337678 11.9304779639975 0.0731222842955 11.4463066418374 0.0234636871508 10.8845437616387C-0.0510242085661 9.9782743637492 0.2158907510863 9.1340782122905 0.4207324643079 8.5816263190565C0.9235257603973 7.2253258845438 1.6746120422098 5.9683426443203 2.7950341402855 4.6213531967722C4.1544382371198 2.9981378026071 5.7900682805711 1.7163252638113 7.6584729981378 0.8131595282433C8.3723153320919 0.4748603351955 9.3251396648045 0.0744878957169 10.3896958410925 0.0062073246431C10.4548727498448 0.0031036623215 10.5231533209187 0 10.5852265673495 0C11.3021725636251 0 11.9042830540037 0.2576039726878 12.3760397268777 0.7697082557418C12.3791433891993 0.7759155803849 12.3853507138423 0.7790192427064 12.3884543761639 0.7852265673495C12.5498448168839 0.9807572936065 12.7360645561763 1.1576660459342 12.9315952824333 1.3469894475481C13.0650527622595 1.4742396027312 13.2016139044072 1.6076970825574 13.3350713842334 1.7473618870267C13.6423339540658 2.0670391061453 13.8037243947858 2.43947858473 13.8037243947858 2.8212290502793C13.8037243947858 3.2060831781502 13.6392302917443 3.5754189944134 13.3257603972688 3.8857852265674L11.6218497827436 5.5959031657356zM12.7329608938547 2.3277467411546C12.7298572315332 2.3277467411546 12.7298572315332 2.324643078833 12.7329608938547 2.3277467411546C12.6119180633147 2.1973929236499 12.4877715704531 2.0794537554314 12.3543140906269 1.9490999379268C12.1525760397269 1.7566728739913 11.9477343265053 1.5549348230912 11.7553072625698 1.3283674736189C11.4418373680944 0.9931719428926 11.0725015518312 0.8348851644941 10.588330229671 0.8348851644941C10.5417752948479 0.8348851644941 10.4921166977033 0.8348851644941 10.4455617628802 0.8379888268156C9.523774053383 0.8969584109249 8.6671632526381 1.2569832402235 8.0247051520795 1.5642458100559C6.2680322780881 2.4146492861577 4.7255121042831 3.6219739292365 3.4436995654873 5.1520794537554C2.3853507138423 6.4276846679081 1.6777157045313 7.6070763500931 1.2090626939789 8.8733705772812C0.9204220980757 9.6461824953445 0.8148975791434 10.2482929857232 0.8614525139665 10.8162631905649C0.8924891371819 11.179391682185 1.0321539416511 11.4804469273743 1.2897579143389 11.7380509000621L2.3481067659839 12.796399751707C2.5001862197393 12.9391682184978 2.6615766604593 13.0167597765363 2.8198634388579 13.0167597765363C3.0153941651148 13.0167597765363 3.1736809435133 12.8988206083178 3.2729981378026 12.7995034140286C3.2761018001241 12.796399751707 3.2792054624457 12.7932960893855 3.2823091247672 12.7901924270639C3.4716325263811 12.6132836747362 3.6516449410304 12.4301675977654 3.8409683426443 12.2346368715084C3.937181874612 12.1353196772191 4.0364990689013 12.0360024829299 4.1358162631906 11.9335816263191L4.9831160769708 11.0862818125388C5.312104283054 10.7572936064556 5.312104283054 10.4531346989448 4.9831160769708 10.1241464928616C4.8931098696462 10.0341402855369 4.8062073246431 9.9441340782123 4.7162011173184 9.8572315332092C4.4554934823091 9.5903165735568 4.207200496586 9.3420235878336 3.937181874612 9.0999379267536C3.930974549969 9.0937306021105 3.9247672253259 9.090626939789 3.9216635630043 9.0844196151459C3.654748603352 8.8175046554935 3.7044072004966 8.5567970204842 3.7602731222843 8.3798882681564C3.7633767846058 8.3705772811918 3.7664804469274 8.3612662942272 3.7695841092489 8.3519553072626C3.9899441340782 7.8181253879578 4.3003103662322 7.3153320918684 4.7720670391061 6.7163252638113L4.7751707014277 6.7132216014898C5.6317815021726 5.6579764121664 6.5349472377405 4.8355058969584 7.5312228429547 4.2054624456859C7.6584729981378 4.1247672253259 7.7888268156425 4.0595903165736 7.912973308504 3.9975170701428C8.0247051520795 3.9416511483551 8.1302296710118 3.8888888888889 8.2202358783364 3.8330229671012C8.2326505276226 3.8268156424581 8.2450651769088 3.8175046554935 8.2574798261949 3.8112973308504C8.3630043451272 3.7585350713842 8.4623215394165 3.7337057728119 8.5647423960273 3.7337057728119C8.8223463687151 3.7337057728119 8.9837368094351 3.895096213532 9.0364990689013 3.9478584729981L10.0979515828678 5.0093109869646C10.2034761018001 5.114835505897 10.3710738671632 5.2420856610801 10.5666045934202 5.2420856610801C10.7590316573557 5.2420856610801 10.9173184357542 5.12104283054 11.0135319677219 5.0155183116077C11.0166356300434 5.0124146492862 11.0166356300434 5.0124146492862 11.019739292365 5.0093109869646L12.7298572315332 3.2991930477964C13.0495344506518 2.9826194909994 13.0495344506518 2.6567349472377 12.7329608938547 2.3277467411546zM7.947113594041 11.2073246430788C8.7602731222843 11.0707635009311 9.4989447548107 10.6859093730602 10.0886405959032 10.0962135319677S11.060086902545 8.7678460583489 11.1997517070143 7.9546865301055C11.2338919925512 7.7498448168839 11.410800744879 7.6070763500931 11.612538795779 7.6070763500931C11.6373680943513 7.6070763500931 11.6590937306021 7.6101800124146 11.6839230291744 7.6132836747362C11.9135940409683 7.6505276225947 12.0656734947238 7.8677839851024 12.0284295468653 8.0974549968963C11.8608317815022 9.0813159528243 11.3952824332713 9.9782743637492 10.6845437616387 10.6890130353817S9.0768466790813 11.8653010552452 8.0929857231533 12.0328988206083C7.8633147113594 12.0701427684668 7.6491620111732 11.9180633147114 7.6088144009932 11.691495965239S7.7174425822471 11.2445685909373 7.947113594041 11.2073246430788zM14.6882681564246 8.2184978274364C14.4120422098076 9.83860955928 13.6485412787089 11.3128491620112 12.475356921167 12.4860335195531S9.8279329608939 14.4227188081937 8.2078212290503 14.6989447548107C7.9812538795779 14.7392923649907 7.7671011793917 14.5841092489137 7.7267535692117 14.3575418994413C7.6895096213532 14.1278708876474 7.8415890751086 13.9137181874612 8.0712600869025 13.8733705772812C9.5175667287399 13.6281812538796 10.8366232153942 12.9422718808194 11.8856610800745 11.8963376784606C12.9346989447548 10.8472998137803 13.6175046554935 9.528243327126 13.8626939788951 8.0819366852886C13.896834264432 7.877094972067 14.0737430167598 7.7343265052762 14.2754810676598 7.7343265052762C14.3003103662322 7.7343265052762 14.3220360024829 7.7374301675978 14.3468653010552 7.7405338299193C14.5734326505276 7.7746741154562 14.7286157666046 7.991930477964 14.6882681564246 8.2184978274364z\\" />
  </font>
</defs>
</svg>
"
`;

exports[`cli should respect \`template\` options 1`] = `
"@font-face {
  font-display: auto;
  font-family: \\"testname\\";
  font-style: normal;
  font-weight: 400;
  src: url(\\"test/path/testname.eot?test\\");
  src: url(\\"test/path/testname.eot?#iefix\\") format(\\"embedded-opentype\\"), url(\\"test/path/testname.woff2?test\\") format(\\"woff2\\"), url(\\"test/path/testname.woff?test\\") format(\\"woff\\"), url(\\"test/path/testname.ttf?test\\") format(\\"truetype\\"), url(\\"test/path/testname.svg?test#testname\\") format(\\"svg\\");
}

.foo {
  display: inline-block;
  font-family: \\"testname\\";
  font-weight: 400;
  font-style: normal;
  font-variant: normal;
  text-rendering: auto;
  line-height: 1;
  -moz-osx-font-smoothing: grayscale;
  -webkit-font-smoothing: antialiased;
}

.foo-lg {
  font-size: 1.33333em;
  line-height: 0.75em;
  vertical-align: -0.0667em;
}

.foo-xs {
  font-size: 0.75em;
}

.foo-sm {
  font-size: 0.875em;
}

.foo-1x {
  font-size: 1em;
}

.foo-2x {
  font-size: 2em;
}

.foo-3x {
  font-size: 3em;
}

.foo-4x {
  font-size: 4em;
}

.foo-5x {
  font-size: 5em;
}

.foo-6x {
  font-size: 6em;
}

.foo-7x {
  font-size: 7em;
}

.foo-8x {
  font-size: 8em;
}

.foo-9x {
  font-size: 9em;
}

.foo-10x {
  font-size: 10em;
}

.foo-fw {
  text-align: center;
  width: 1.25em;
}

.foo-border {
  border: solid 0.08em #eee;
  border-radius: 0.1em;
  padding: 0.2em 0.25em 0.15em;
}

.foo-pull-left {
  float: left;
}

.foo-pull-right {
  float: right;
}

.foo.foo-pull-left {
  margin-right: 0.3em;
}

.foo.foo-pull-right {
  margin-left: 0.3em;
}


.foo-avatar::before {
  content: \\"\\\\ea01\\";
}

.foo-envelope::before {
  content: \\"\\\\ea02\\";
}

.foo-phone-call::before {
  content: \\"\\\\ea03\\";
}

"
`;
